// 重构日志: f6f7e839
// 重构日志: da8890e2
// 重构日志: ec9595fd
// 同步 ID: 89088259 @ Tue Jul 28 13:09:03 UTC 2026
// 重构日志: dfcb3e2c
// 重构日志: 52e167be
// 同步 ID: a858c2b8 @ Wed Jul 29 00:36:42 UTC 2026
// 重构日志: 822b9d2c
// 重构日志: dcf481f7
// 重构日志: 352ba69b
// 同步 ID: 19edfd3f @ Fri Jul 31 12:08:32 UTC 2026
// 同步 ID: c9a52b67 @ Fri Jul 31 16:35:53 UTC 2026
// 同步 ID: aef9ae0d @ Sat Aug  1 11:02:15 UTC 2026
// 重构日志: 12f19292
// 同步 ID: 638c9e39 @ Sat Aug  1 18:09:03 UTC 2026
// 同步 ID: 1bfe1fc9 @ Sun Aug  2 11:16:37 UTC 2026
// 重构日志: e2fd79b9
// 重构日志: 1af2de81
// 重构日志: 41319a2d
// 同步 ID: c8beeeb3 @ Mon Aug  3 18:14:36 UTC 2026
// 重构日志: f2f3d217
// 重构日志: c6765633
// 同步 ID: 3344749e @ Tue Aug  4 13:04:36 UTC 2026
// 重构日志: e66e0056
// 同步 ID: b8a43720 @ Wed Aug  5 05:24:44 UTC 2026
// 重构日志: 3d24071b
// 重构日志: 77e1a513
// 重构日志: 5cd4078f
// 重构日志: 61e51d4d
// 同步 ID: 131acdd2 @ Fri Aug  7 16:37:30 UTC 2026
// 重构日志: 7190f36b
// 重构日志: 207ca62d
// 重构日志: 3129a1ff
